// Jest Snapshot v1, https://goo.gl/fbAQLP

exports[`Hello world works 1`] = `"Hello World"`;
